<html>
<body>
<pre>
<h1>µVision Build Log</h1>
<h2>Tool Versions:</h2>
IDE-Version: µVision V5.15
Copyright (C) 2015 ARM Ltd and ARM Germany GmbH. All rights reserved.
License Information: sdda jhgvjhg, jh, LIC=Y2BTG-VQCY9-YCHJ1-CDEQV-DFA82-1BILJ
 
Tool Versions:
Toolchain:       MDK-ARM Professional  Version: 5.15.0
Toolchain Path:  C:\Keil_v5\ARM\ARMCC\Bin
C Compiler:      Armcc.exe V5.05 update 2 (build 169)
Assembler:       Armasm.exe V5.05 update 2 (build 169)
Linker/Locator:  ArmLink.exe V5.05 update 2 (build 169)
Library Manager: ArmAr.exe V5.05 update 2 (build 169)
Hex Converter:   FromElf.exe V5.05 update 2 (build 169)
CPU DLL:         SARMCM3.DLL V5.15.0
Dialog DLL:      DCM.DLL V1.13.2.0
Target DLL:      STLink\ST-LINKIII-KEIL_SWO.dll V2.0.15.0_KEIL
Dialog DLL:      TCM.DLL V1.14.5.0
 
<h2>Project:</h2>
Z:\Users\fabioborges\Documents\Wndows_SHARED\GIT_Pessoal\LAMEC\MDK-ARM\F4_LAMEC_XBEE.uvprojx
Project File Date:  11/10/2015

<h2>Output:</h2>
*** Using Compiler 'V5.05 update 2 (build 169)', folder: 'C:\Keil_v5\ARM\ARMCC\Bin'
Build target 'F4_LAMEC_XBEE Configuration'
compiling main.c...
..\Src\main.c(138): warning:  #177-D: function "MX_USART1_UART_Init" was declared but never referenced
  void MX_USART1_UART_Init(void)
..\Src\main.c: 1 warning, 0 errors
compiling UART_Handler.c...
linking...
Program Size: Code=9700 RO-data=452 RW-data=32 ZI-data=2792  
"F4_LAMEC_XBEE Configuration\F4_LAMEC_XBEE Configuration.axf" - 0 Error(s), 1 Warning(s).

<h2>Collection of Component include folders:</h2>
  Z:\Users\fabioborges\Documents\Wndows_SHARED\GIT_Pessoal\LAMEC\MDK-ARM\RTE
  C:\Keil_v5\ARM\PACK\Keil\STM32F4xx_DFP\2.6.0\Drivers\CMSIS\Device\ST\STM32F4xx\Include

<h2>Collection of Component Files used:</h2>
</pre>
</body>
</html>
